Testing base stats (Legendary):
ATK: 7252 DEF: 50187 HP: 24142

Testing scaled down stats (Common):
ATK: 1450 DEF: 10037 HP: 4828
